// Jest Snapshot v1, https://goo.gl/fbAQLP

exports[`List component renders the UI as expected 1`] = `
<section
  className="List"
>
  <header
    className="List-header"
  >
    <h3>
      test
    </h3>
  </header>
  <div>
    <div
      className="Card"
    >
      <button
        type="button"
      >
        delete
      </button>
      <h3 />
      <p />
    </div>
    <button
      className="List-add-button"
      type="button"
    >
      +add Random Card
    </button>
  </div>
</section>
`;
